[2026-09-25 18:08:51,417] [INFO] جاري تشغيل عدد 5 حسابات بنظام التعدين المتوازي (Async)...
[2026-09-25 18:12:13,969] [INFO] جاري تشغيل عدد 5 حسابات بنظام التعدين المتوازي (Async)...
[2026-09-25 18:12:21,669] [INFO] الحساب [bak87543] سيعمل عبر الاتصال العادي (بدون بروكسي)
[2026-09-25 18:12:21,669] [INFO] الحساب [bak87543] يقوم بتعدين النقاط للستريمر: toebuu بنجاح...
[2026-09-25 18:12:21,669] [INFO] الحساب [bak87543] يقوم بتعدين النقاط للستريمر: waffletrades بنجاح...
[2026-09-25 18:12:29,357] [INFO] الحساب [WaffleTrades] سيعمل عبر الاتصال العادي (بدون بروكسي)
[2026-09-25 18:12:29,359] [INFO] الحساب [WaffleTrades] يقوم بتعدين النقاط للستريمر: toebuu بنجاح...
[2026-09-25 18:12:29,360] [INFO] الحساب [WaffleTrades] يقوم بتعدين النقاط للستريمر: waffletrades بنجاح...
[2026-09-25 18:12:34,137] [INFO] الحساب [Account3] سيعمل عبر الاتصال العادي (بدون بروكسي)
[2026-09-25 18:12:34,138] [INFO] الحساب [Account3] يقوم بتعدين النقاط للستريمر: toebuu بنجاح...
[2026-09-25 18:12:34,139] [INFO] الحساب [Account3] يقوم بتعدين النقاط للستريمر: waffletrades بنجاح...
[2026-09-25 18:12:37,934] [INFO] الحساب [Account4] سيعمل عبر الاتصال العادي (بدون بروكسي)
[2026-09-25 18:12:37,942] [INFO] الحساب [Account4] يقوم بتعدين النقاط للستريمر: toebuu بنجاح...
[2026-09-25 18:12:37,953] [INFO] الحساب [Account4] يقوم بتعدين النقاط للستريمر: waffletrades بنجاح...
[2026-09-25 18:12:43,387] [INFO] الحساب [Account5] سيعمل عبر الاتصال العادي (بدون بروكسي)
[2026-09-25 18:12:43,395] [INFO] الحساب [Account5] يقوم بتعدين النقاط للستريمر: toebuu بنجاح...
[2026-09-25 18:12:43,413] [INFO] الحساب [Account5] يقوم بتعدين النقاط للستريمر: waffletrades بنجاح...
[2026-09-25 18:14:21,682] [INFO] الحساب [bak87543] يقوم بتعدين النقاط للستريمر: toebuu بنجاح...
[2026-09-25 18:14:21,684] [INFO] الحساب [bak87543] يقوم بتعدين النقاط للستريمر: waffletrades بنجاح...
[2026-09-25 18:14:29,374] [INFO] الحساب [WaffleTrades] يقوم بتعدين النقاط للستريمر: toebuu بنجاح...
[2026-09-25 18:14:29,375] [INFO] الحساب [WaffleTrades] يقوم بتعدين النقاط للستريمر: waffletrades بنجاح...
[2026-09-25 18:14:34,150] [INFO] الحساب [Account3] يقوم بتعدين النقاط للستريمر: toebuu بنجاح...
[2026-09-25 18:14:34,151] [INFO] الحساب [Account3] يقوم بتعدين النقاط للستريمر: waffletrades بنجاح...
[2026-09-25 18:14:37,989] [INFO] الحساب [Account4] يقوم بتعدين النقاط للستريمر: toebuu بنجاح...
[2026-09-25 18:14:37,991] [INFO] الحساب [Account4] يقوم بتعدين النقاط للستريمر: waffletrades بنجاح...
[2026-09-25 18:14:43,438] [INFO] الحساب [Account5] يقوم بتعدين النقاط للستريمر: toebuu بنجاح...
[2026-09-25 18:14:43,438] [INFO] الحساب [Account5] يقوم بتعدين النقاط للستريمر: waffletrades بنجاح...
